test_actual_episode_kernel_persists_inputs_actions_checker_and_terminal (test_native_collection.NativeTests.test_actual_episode_kernel_persists_inputs_actions_checker_and_terminal) ... ok
test_actual_episode_kernel_rejects_checker_mismatch_as_infrastructure (test_native_collection.NativeTests.test_actual_episode_kernel_rejects_checker_mismatch_as_infrastructure) ... ok
test_cache_only_retry_cannot_whitewash_a_failed_or_unresolved_native_launch (test_native_collection.NativeTests.test_cache_only_retry_cannot_whitewash_a_failed_or_unresolved_native_launch) ... ok
test_changed_native_raw_evidence_is_rejected_before_cached_reuse (test_native_collection.NativeTests.test_changed_native_raw_evidence_is_rejected_before_cached_reuse) ... ok
test_complete_fixture_health_passes_but_partial_or_altered_evidence_does_not (test_native_collection.NativeTests.test_complete_fixture_health_passes_but_partial_or_altered_evidence_does_not) ... ok
test_device_identity_binds_driver_and_checks_physical_device_selection (test_native_collection.NativeTests.test_device_identity_binds_driver_and_checks_physical_device_selection) ... ok
test_expected_identity_cannot_be_mutated_and_raw_attempt_blocks_retry (test_native_collection.NativeTests.test_expected_identity_cannot_be_mutated_and_raw_attempt_blocks_retry) ... ok
test_interrupt_loading_release_or_pair_reset_failure_never_commits (test_native_collection.NativeTests.test_interrupt_loading_release_or_pair_reset_failure_never_commits) ... ok
test_invalid_batch_never_loads_a_pipeline (test_native_collection.NativeTests.test_invalid_batch_never_loads_a_pipeline) ... ok
test_native_order_one_policy_at_a_time_durable_sides_and_cache_reuse (test_native_collection.NativeTests.test_native_order_one_policy_at_a_time_durable_sides_and_cache_reuse) ... ok
test_native_summary_reader_does_not_accept_health_or_partial_files (test_native_collection.NativeTests.test_native_summary_reader_does_not_accept_health_or_partial_files) ... ok
test_same_paired_reset_is_not_enough_when_the_state_drifts_between_repeats (test_native_collection.NativeTests.test_same_paired_reset_is_not_enough_when_the_state_drifts_between_repeats) ... ok
test_shared_budget_reservations_include_crashes_and_reject_overspending (test_native_collection.NativeTests.test_shared_budget_reservations_include_crashes_and_reject_overspending) ... ok
test_state_binding_accepts_new_seeds_but_rejects_changed_or_missing_inputs (test_native_collection.NativeTests.test_state_binding_accepts_new_seeds_but_rejects_changed_or_missing_inputs) ... ok
test_typed_native_summary_uses_the_supervised_clean_exit_gate (test_native_collection.NativeTests.test_typed_native_summary_uses_the_supervised_clean_exit_gate) ... ok
test_cache_is_idempotent_and_randomization_is_paired (test_paired_collection.CollectionTests.test_cache_is_idempotent_and_randomization_is_paired) ... ok
test_changed_consumed_evidence_is_detected (test_paired_collection.CollectionTests.test_changed_consumed_evidence_is_detected) ... ok
test_changed_context_and_torn_journal_fail_closed (test_paired_collection.CollectionTests.test_changed_context_and_torn_journal_fail_closed) ... ok
test_context_alias_and_unconsumed_cache_corruption_are_detected (test_paired_collection.CollectionTests.test_context_alias_and_unconsumed_cache_corruption_are_detected) ... ok
test_interrupt_preserves_unresolved_attempt_and_never_reports_completion (test_paired_collection.CollectionTests.test_interrupt_preserves_unresolved_attempt_and_never_reports_completion) ... ok
test_partial_or_mismatched_pair_never_becomes_false_and_blocks_blind_retry (test_paired_collection.CollectionTests.test_partial_or_mismatched_pair_never_becomes_false_and_blocks_blind_retry) ... ok
test_resume_replays_exact_prefixes_without_recollecting (test_paired_collection.CollectionTests.test_resume_replays_exact_prefixes_without_recollecting) ... ok
test_all_attempts_are_durable_before_one_producer_call_and_reused (test_paired_batches.BatchTests.test_all_attempts_are_durable_before_one_producer_call_and_reused) ... ok
test_batch_interface_preserves_every_methods_consumed_prefix_and_resume (test_paired_batches.BatchTests.test_batch_interface_preserves_every_methods_consumed_prefix_and_resume) ... ok
test_commit_failure_preserves_completed_pair_and_blocks_unresolved_tail (test_paired_batches.BatchTests.test_commit_failure_preserves_completed_pair_and_blocks_unresolved_tail) ... ok
test_duplicate_or_invalid_inventory_does_not_start_attempts (test_paired_batches.BatchTests.test_duplicate_or_invalid_inventory_does_not_start_attempts) ... ok
test_interrupted_generator_preserves_attempts_and_blocks_retry (test_paired_batches.BatchTests.test_interrupted_generator_preserves_attempts_and_blocks_retry) ... ok
test_only_missing_requested_pairs_enter_producer (test_paired_batches.BatchTests.test_only_missing_requested_pairs_enter_producer) ... ok
test_producer_cannot_mutate_expected_randomization_in_single_or_batch_mode (test_paired_batches.BatchTests.test_producer_cannot_mutate_expected_randomization_in_single_or_batch_mode) ... ok
test_short_reordered_or_invalid_batch_is_never_partially_accepted (test_paired_batches.BatchTests.test_short_reordered_or_invalid_batch_is_never_partially_accepted) ... ok
test_unresolved_member_blocks_entire_batch_before_new_work (test_paired_batches.BatchTests.test_unresolved_member_blocks_entire_batch_before_new_work) ... ok
test_clean_exit_with_failed_episode_gate_is_not_model_readiness (test_health_supervisor.SupervisorTests.test_clean_exit_with_failed_episode_gate_is_not_model_readiness) ... {"allowed": true, "resource_allowed": true, "reset_audit": {"passed": true}, "family": "pi05", "output": "/tmp/tmp2n58c_f5/run", "inspect_only": false, "worker_started": false, "supervisor_source_sha256": "ce13850adadbe7d31b2c6ee3937b82607944986d4d368dc2b8ff3db13617dabd"}
{"recorded_at": "2026-10-01T01:22:47.706669+00:00", "worker_pid": 3090375, "worker_exit_code": 0, "status": "completed", "timeout_phase": null, "clean_process_exit": true, "supervisor_interrupted_signal": null, "parent_death_guard_enabled": true, "collection_wall_budget_seconds": 2.0, "teardown_budget_seconds": 2.0, "elapsed_seconds": 0.12868550000712276, "episode_health_verdict": "failed", "episode_gate_passed": false, "summary_sha256": "dee92b3d4cc812081a2cef1909eba52d8e247bf7b696dbddf5d42a780057a5da", "scope": "Episode verdict and process lifecycle are separate. No forced successful exit."}
ok
test_invalid_summary_does_not_start_teardown_or_claim_success (test_health_supervisor.SupervisorTests.test_invalid_summary_does_not_start_teardown_or_claim_success) ... ok
test_missing_reset_audit_blocks_model_start (test_health_supervisor.SupervisorTests.test_missing_reset_audit_blocks_model_start) ... ok
test_no_summary_timeout_is_not_a_policy_failure (test_health_supervisor.SupervisorTests.test_no_summary_timeout_is_not_a_policy_failure) ... ok
test_partial_reset_audit_cannot_satisfy_the_gate (test_health_supervisor.SupervisorTests.test_partial_reset_audit_cannot_satisfy_the_gate) ... ok
test_summary_switches_to_separate_teardown_budget (test_health_supervisor.SupervisorTests.test_summary_switches_to_separate_teardown_budget) ... ok
test_teardown_timeout_retains_episode_gate_but_not_clean_exit (test_health_supervisor.SupervisorTests.test_teardown_timeout_retains_episode_gate_but_not_clean_exit) ... ok
test_hard_killed_parent_cannot_leave_its_worker_running (test_health_lifecycle.LifecycleTests.test_hard_killed_parent_cannot_leave_its_worker_running) ... ok
test_start_callback_failure_still_cleans_worker (test_health_lifecycle.LifecycleTests.test_start_callback_failure_still_cleans_worker) ... ok
test_start_callback_observes_live_worker_before_terminal_result (test_health_lifecycle.LifecycleTests.test_start_callback_observes_live_worker_before_terminal_result) ... ok
test_term_and_interrupt_record_failure_and_reap_owned_worker (test_health_lifecycle.LifecycleTests.test_term_and_interrupt_record_failure_and_reap_owned_worker) ... ok

----------------------------------------------------------------------
Ran 42 tests in 17.289s

OK
